<x>
    <y>1</y>
    <y>2</y>
    <y>3</y>

    <z>a</z>
    <z>b</z>
    <z>c</z>
</x>
